// Jest Snapshot v1, https://goo.gl/fbAQLP

exports[`UI: ExtendedButton should match snapshot 1`] = `
<View
  accessibilityState={
    {
      "busy": undefined,
      "checked": undefined,
      "disabled": undefined,
      "expanded": undefined,
      "selected": undefined,
    }
  }
  accessibilityValue={
    {
      "max": undefined,
      "min": undefined,
      "now": undefined,
      "text": undefined,
    }
  }
  accessible={true}
  collapsable={false}
  focusable={false}
  onClick={[Function]}
  onResponderGrant={[Function]}
  onResponderMove={[Function]}
  onResponderRelease={[Function]}
  onResponderTerminate={[Function]}
  onResponderTerminationRequest={[Function]}
  onStartShouldSetResponder={[Function]}
  style={
    {
      "backgroundColor": undefined,
      "opacity": 1,
      "padding": 16,
    }
  }
>
  <Text
    style={
      [
        {
          "color": "#ECECEC",
        },
        undefined,
        [
          {
            "color": undefined,
          },
          undefined,
        ],
      ]
    }
  >
    hello, test
  </Text>
</View>
`;
